---
source: tests/test_parser.rs
input_file: tests/resources/parser_cases/valid_identifiers.nz
---
Program {
    nodes: [
        FunctionDeclaration(
            FuncDeclaration {
                identifier: "main",
                paramemetrs: [],
                body: Block {
                    nodes: [
                        Expression(
                            ExpressionStatement {
                                span: Span {
                                    start: Position {
                                        offset: 18,
                                        line: 1,
                                        column: 2,
                                    },
                                    end: Position {
                                        offset: 21,
                                        line: 1,
                                        column: 5,
                                    },
                                    file: FileId(
                                        0,
                                    ),
                                },
                                expression: Identifier(
                                    "foo",
                                    Span {
                                        start: Position {
                                            offset: 18,
                                            line: 1,
                                            column: 2,
                                        },
                                        end: Position {
                                            offset: 21,
                                            line: 1,
                                            column: 5,
                                        },
                                        file: FileId(
                                            0,
                                        ),
                                    },
                                ),
                            },
                        ),
                        Expression(
                            ExpressionStatement {
                                span: Span {
                                    start: Position {
                                        offset: 25,
                                        line: 2,
                                        column: 2,
                                    },
                                    end: Position {
                                        offset: 28,
                                        line: 2,
                                        column: 5,
                                    },
                                    file: FileId(
                                        0,
                                    ),
                                },
                                expression: Identifier(
                                    "bar",
                                    Span {
                                        start: Position {
                                            offset: 25,
                                            line: 2,
                                            column: 2,
                                        },
                                        end: Position {
                                            offset: 28,
                                            line: 2,
                                            column: 5,
                                        },
                                        file: FileId(
                                            0,
                                        ),
                                    },
                                ),
                            },
                        ),
                    ],
                    last_expression: Some(
                        ExpressionStatement {
                            span: Span {
                                start: Position {
                                    offset: 32,
                                    line: 3,
                                    column: 2,
                                },
                                end: Position {
                                    offset: 35,
                                    line: 3,
                                    column: 5,
                                },
                                file: FileId(
                                    0,
                                ),
                            },
                            expression: Identifier(
                                "baz",
                                Span {
                                    start: Position {
                                        offset: 32,
                                        line: 3,
                                        column: 2,
                                    },
                                    end: Position {
                                        offset: 35,
                                        line: 3,
                                        column: 5,
                                    },
                                    file: FileId(
                                        0,
                                    ),
                                },
                            ),
                        },
                    ),
                    span: Span {
                        start: Position {
                            offset: 14,
                            line: 0,
                            column: 14,
                        },
                        end: Position {
                            offset: 37,
                            line: 4,
                            column: 1,
                        },
                        file: FileId(
                            0,
                        ),
                    },
                },
                return_type: None,
                span: Span {
                    start: Position {
                        offset: 0,
                        line: 0,
                        column: 0,
                    },
                    end: Position {
                        offset: 3,
                        line: 0,
                        column: 3,
                    },
                    file: FileId(
                        0,
                    ),
                },
            },
        ),
    ],
}
